2026-04-29 20:23:05 [restartedMain] INFO  com.tss.aml.AmlApplication - Starting AmlApplication using Java 25.0.1 with PID 36178 (/Users/darshitdhaduk/Developer/Swabhav Project/Capstone/AML/target/classes started by darshitdhaduk in /Users/darshitdhaduk/Developer/Swabhav Project/Capstone/AML)
2026-04-29 20:23:05 [restartedMain] DEBUG com.tss.aml.AmlApplication - Running with Spring Boot v4.0.5, Spring v7.0.6
2026-04-29 20:23:05 [restartedMain] INFO  com.tss.aml.AmlApplication - No active profile set, falling back to 1 default profile: "default"
2026-04-29 20:23:05 [restartedMain] INFO  o.s.b.d.e.DevToolsPropertyDefaultsPostProcessor - Devtools property defaults active! Set 'spring.devtools.add-properties' to 'false' to disable
2026-04-29 20:23:05 [restartedMain] INFO  o.s.b.d.e.DevToolsPropertyDefaultsPostProcessor - For additional web related logging consider setting the 'logging.level.web' property to 'DEBUG'
2026-04-29 20:23:05 [restartedMain] INFO  o.s.d.r.c.RepositoryConfigurationDelegate - Bootstrapping Spring Data JPA repositories in DEFAULT mode.
2026-04-29 20:23:05 [restartedMain] INFO  o.s.d.r.c.RepositoryConfigurationDelegate - Finished Spring Data repository scanning in 23 ms. Found 11 JPA repository interfaces.
2026-04-29 20:23:06 [restartedMain] INFO  o.s.boot.tomcat.TomcatWebServer - Tomcat initialized with port 8080 (http)
2026-04-29 20:23:06 [restartedMain] INFO  o.a.catalina.core.StandardService - Starting service [Tomcat]
2026-04-29 20:23:06 [restartedMain] INFO  o.a.catalina.core.StandardEngine - Starting Servlet engine: [Apache Tomcat/11.0.20]
2026-04-29 20:23:06 [restartedMain] INFO  o.s.b.w.c.s.WebApplicationContextInitializer - Root WebApplicationContext: initialization completed in 517 ms
2026-04-29 20:23:06 [restartedMain] INFO  org.hibernate.orm.jpa - HHH008540: Processing PersistenceUnitInfo [name: default]
2026-04-29 20:23:06 [restartedMain] INFO  org.hibernate.orm.core - HHH000001: Hibernate ORM core version 7.2.7.Final
2026-04-29 20:23:06 [restartedMain] INFO  o.s.o.j.p.SpringPersistenceUnitInfo - No LoadTimeWeaver setup: ignoring JPA class transformer
2026-04-29 20:23:06 [restartedMain] INFO  com.zaxxer.hikari.HikariDataSource - HikariPool-1 - Starting...
2026-04-29 20:23:06 [restartedMain] INFO  com.zaxxer.hikari.pool.HikariPool - HikariPool-1 - Added connection org.postgresql.jdbc.PgConnection@49d93a5d
2026-04-29 20:23:06 [restartedMain] INFO  com.zaxxer.hikari.HikariDataSource - HikariPool-1 - Start completed.
2026-04-29 20:23:06 [restartedMain] WARN  org.hibernate.orm.deprecation - HHH90000025: PostgreSQLDialect does not need to be specified explicitly using 'hibernate.dialect' (remove the property setting and it will be selected by default)
2026-04-29 20:23:06 [restartedMain] INFO  o.hibernate.orm.connections.pooling - HHH10001005: Database info:
	Database JDBC URL [undefined/unknown]
	Database driver: undefined/unknown
	Database dialect: PostgreSQLDialect
	Database version: 14.21
	Default catalog/schema: unknown/unknown
	Autocommit mode: undefined/unknown
	Isolation level: undefined/unknown
	JDBC fetch size: undefined/unknown
	Pool: undefined/unknown
	Minimum pool size: undefined/unknown
	Maximum pool size: undefined/unknown
2026-04-29 20:23:06 [restartedMain] INFO  org.hibernate.orm.core - HHH000489: No JTA platform available (set 'hibernate.transaction.jta.platform' to enable JTA platform integration)
2026-04-29 20:23:06 [restartedMain] INFO  o.s.o.j.LocalContainerEntityManagerFactoryBean - Initialized JPA EntityManagerFactory for persistence unit 'default'
2026-04-29 20:23:06 [restartedMain] INFO  o.s.d.j.r.q.QueryEnhancerFactories - Hibernate is in classpath; If applicable, HQL parser will be used.
2026-04-29 20:23:07 [restartedMain] INFO  o.s.s.c.a.a.c.InitializeAuthenticationProviderBeanManagerConfigurer$InitializeAuthenticationProviderManagerConfigurer - Global AuthenticationManager configured with AuthenticationProvider bean with name customAuthenticationProvider
2026-04-29 20:23:07 [restartedMain] DEBUG c.t.a.f.LoginAuthenticationFilter - Filter 'loginAuthenticationFilter' configured for use
2026-04-29 20:23:07 [restartedMain] DEBUG com.tss.aml.filter.TenantFilter - Filter 'tenantFilter' configured for use
2026-04-29 20:23:07 [restartedMain] DEBUG com.tss.aml.filter.JwtAuthFilter - Filter 'jwtAuthFilter' configured for use
2026-04-29 20:23:07 [restartedMain] WARN  o.s.b.j.a.JpaBaseConfiguration$JpaWebConfiguration - spring.jpa.open-in-view is enabled by default. Therefore, database queries may be performed during view rendering. Explicitly configure spring.jpa.open-in-view to disable this warning
2026-04-29 20:23:07 [restartedMain] DEBUG o.s.s.web.DefaultSecurityFilterChain - Will secure any request with filters: DisableEncodeUrlFilter, WebAsyncManagerIntegrationFilter, SecurityContextHolderFilter, HeaderWriterFilter, CorsFilter, LogoutFilter, TenantFilter, JwtAuthFilter, LoginAuthenticationFilter, RequestCacheAwareFilter, SecurityContextHolderAwareRequestFilter, AnonymousAuthenticationFilter, ExceptionTranslationFilter, AuthorizationFilter
2026-04-29 20:23:07 [restartedMain] DEBUG o.s.w.s.m.m.a.RequestMappingHandlerMapping - 18 mappings in 'requestMappingHandlerMapping'
2026-04-29 20:23:07 [restartedMain] DEBUG o.s.w.s.h.SimpleUrlHandlerMapping - Patterns [/webjars/**, /**] in 'resourceHandlerMapping'
2026-04-29 20:23:07 [restartedMain] DEBUG o.s.w.s.m.m.a.RequestMappingHandlerAdapter - ControllerAdvice beans: 0 @ModelAttribute, 0 @InitBinder, 2 RequestBodyAdvice, 1 ResponseBodyAdvice
2026-04-29 20:23:07 [restartedMain] DEBUG o.s.w.s.m.m.a.ExceptionHandlerExceptionResolver - ControllerAdvice beans: 1 @ExceptionHandler, 1 ResponseBodyAdvice
2026-04-29 20:23:07 [restartedMain] INFO  o.s.boot.tomcat.TomcatWebServer - Tomcat started on port 8080 (http) with context path '/'
2026-04-29 20:23:07 [restartedMain] INFO  com.tss.aml.AmlApplication - Started AmlApplication in 2.356 seconds (process running for 2.546)
2026-04-29 20:26:02 [http-nio-8080-exec-1] INFO  o.a.c.c.C.[Tomcat].[localhost].[/] - Initializing Spring DispatcherServlet 'dispatcherServlet'
2026-04-29 20:26:02 [http-nio-8080-exec-1] INFO  o.s.web.servlet.DispatcherServlet - Initializing Servlet 'dispatcherServlet'
2026-04-29 20:26:02 [http-nio-8080-exec-1] DEBUG o.s.web.servlet.DispatcherServlet - Detected StandardServletMultipartResolver
2026-04-29 20:26:02 [http-nio-8080-exec-1] DEBUG o.s.web.servlet.DispatcherServlet - Detected AcceptHeaderLocaleResolver
2026-04-29 20:26:02 [http-nio-8080-exec-1] DEBUG o.s.web.servlet.DispatcherServlet - Detected org.springframework.web.servlet.view.DefaultRequestToViewNameTranslator@5c93250
2026-04-29 20:26:02 [http-nio-8080-exec-1] DEBUG o.s.web.servlet.DispatcherServlet - Detected org.springframework.web.servlet.support.SessionFlashMapManager@59042816
2026-04-29 20:26:02 [http-nio-8080-exec-1] DEBUG o.s.web.servlet.DispatcherServlet - enableLoggingRequestDetails='false': request parameters and headers will be masked to prevent unsafe logging of potentially sensitive data
2026-04-29 20:26:02 [http-nio-8080-exec-1] INFO  o.s.web.servlet.DispatcherServlet - Completed initialization in 4 ms
2026-04-29 20:26:02 [http-nio-8080-exec-1] DEBUG o.s.security.web.FilterChainProxy - Securing POST /api/v1/auth/register/tenant
2026-04-29 20:26:08 [http-nio-8080-exec-3] DEBUG o.s.security.web.FilterChainProxy - Securing GET /login
2026-04-29 20:26:11 [http-nio-8080-exec-4] DEBUG o.s.security.web.FilterChainProxy - Securing GET /login
2026-04-29 20:26:16 [http-nio-8080-exec-5] DEBUG o.s.security.web.FilterChainProxy - Securing POST /api/v1/auth/register/tenant
2026-04-29 20:26:16 [http-nio-8080-exec-5] DEBUG o.s.security.web.FilterChainProxy - Secured POST /api/v1/auth/register/tenant
2026-04-29 20:26:16 [http-nio-8080-exec-5] DEBUG o.s.web.servlet.DispatcherServlet - POST "/api/v1/auth/register/tenant", parameters={}
2026-04-29 20:26:16 [http-nio-8080-exec-5] DEBUG o.s.w.s.m.m.a.RequestMappingHandlerMapping - Mapped to com.tss.aml.controller.AuthController#registerTenant(TenantRegisterRequestDto)
2026-04-29 20:26:16 [http-nio-8080-exec-5] DEBUG o.s.w.s.m.m.a.RequestResponseBodyMethodProcessor - Read "application/json;charset=UTF-8" to [TenantRegisterRequestDto(tenantName=bob1, email=darshitcoc123@gmail.com)]
2026-04-29 20:26:16 [http-nio-8080-exec-5] DEBUG o.s.s.a.m.AuthorizationManagerBeforeMethodInterceptor - Authorizing method invocation ReflectiveMethodInvocation: public org.springframework.http.ResponseEntity com.tss.aml.controller.AuthController.registerTenant(com.tss.aml.dto.request.TenantRegisterRequestDto); target is of class [com.tss.aml.controller.AuthController]
2026-04-29 20:26:16 [http-nio-8080-exec-5] DEBUG o.s.s.a.m.AuthorizationManagerBeforeMethodInterceptor - Authorized method invocation ReflectiveMethodInvocation: public org.springframework.http.ResponseEntity com.tss.aml.controller.AuthController.registerTenant(com.tss.aml.dto.request.TenantRegisterRequestDto); target is of class [com.tss.aml.controller.AuthController]
2026-04-29 20:26:16 [http-nio-8080-exec-5] INFO  org.flywaydb.core.FlywayExecutor - Database: jdbc:postgresql://localhost:5432/aml (PostgreSQL 14.21)
2026-04-29 20:26:16 [http-nio-8080-exec-5] INFO  o.f.c.internal.database.base.Schema - Creating schema "tenant_bob1" ...
2026-04-29 20:26:16 [http-nio-8080-exec-5] INFO  o.f.c.i.s.JdbcTableSchemaHistory - Creating Schema History table "tenant_bob1"."flyway_schema_history" ...
2026-04-29 20:26:16 [http-nio-8080-exec-5] INFO  o.f.core.internal.command.DbMigrate - Current version of schema "tenant_bob1": null
2026-04-29 20:26:16 [http-nio-8080-exec-5] INFO  o.f.core.internal.command.DbMigrate - Migrating schema "tenant_bob1" to version "1 - tenant schema"
2026-04-29 20:26:16 [http-nio-8080-exec-5] INFO  o.f.c.i.s.DefaultSqlScriptExecutor - DB: constraint "uk_account_number" of relation "accounts" does not exist, skipping
2026-04-29 20:26:16 [http-nio-8080-exec-5] INFO  o.f.c.i.s.DefaultSqlScriptExecutor - DB: constraint "uk94eehv22l33uvmut9jvb61nr3" of relation "compliance_investigation_assignment" does not exist, skipping
2026-04-29 20:26:16 [http-nio-8080-exec-5] INFO  o.f.c.i.s.DefaultSqlScriptExecutor - DB: constraint "ukjchx5c1ch69p23ybse300w1qk" of relation "bank_admins" does not exist, skipping
2026-04-29 20:26:16 [http-nio-8080-exec-5] INFO  o.f.c.i.s.DefaultSqlScriptExecutor - DB: constraint "ukaaa78ncvyqn4wo8uty1a766tc" of relation "cases" does not exist, skipping
2026-04-29 20:26:16 [http-nio-8080-exec-5] INFO  o.f.c.i.s.DefaultSqlScriptExecutor - DB: constraint "ukqhk9hcyhhnv3pue19ikp8d8l3" of relation "compliance_officers" does not exist, skipping
2026-04-29 20:26:16 [http-nio-8080-exec-5] INFO  o.f.c.i.s.DefaultSqlScriptExecutor - DB: constraint "ukt74y58jagthxqxysuw9l0jx6y" of relation "customers" does not exist, skipping
2026-04-29 20:26:16 [http-nio-8080-exec-5] INFO  o.f.c.i.s.DefaultSqlScriptExecutor - DB: constraint "uk3w93192dhkdixcb3xncuf84pj" of relation "transactions" does not exist, skipping
2026-04-29 20:26:16 [http-nio-8080-exec-5] INFO  o.f.core.internal.command.DbMigrate - Successfully applied 1 migration to schema "tenant_bob1", now at version v1 (execution time 00:00.059s)
2026-04-29 20:26:16 [http-nio-8080-exec-5] INFO  c.t.a.s.BankAdminRegistrationService - Starting BankAdmin registration | email=darshitcoc123@gmail.com | tenant=tenant_bob1
2026-04-29 20:26:16 [http-nio-8080-exec-5] DEBUG c.t.a.s.BankAdminRegistrationService - Resolved DB schema=tenant_bob1 for tenant=tenant_bob1
2026-04-29 20:26:16 [http-nio-8080-exec-5] INFO  c.t.a.s.BankAdminRegistrationService - BankAdmin saved successfully | email=darshitcoc123@gmail.com | tenant=tenant_bob1
2026-04-29 20:26:16 [http-nio-8080-exec-5] INFO  c.t.a.s.BankAdminRegistrationService - Registration email triggered | email=darshitcoc123@gmail.com
2026-04-29 20:26:16 [http-nio-8080-exec-5] DEBUG o.s.w.s.m.m.a.HttpEntityMethodProcessor - Using 'text/plain', given [*/*] and supported [text/plain, */*, application/json, application/*+json]
2026-04-29 20:26:16 [http-nio-8080-exec-5] DEBUG o.s.w.s.m.m.a.HttpEntityMethodProcessor - Writing ["Tenant Registered Successfully"]
2026-04-29 20:26:16 [http-nio-8080-exec-5] DEBUG o.s.web.servlet.DispatcherServlet - Completed 200 OK
2026-04-29 20:30:40 [http-nio-8080-exec-7] DEBUG o.s.security.web.FilterChainProxy - Securing POST /api/v1/auth/register/tenant
2026-04-29 20:30:40 [http-nio-8080-exec-7] DEBUG o.s.security.web.FilterChainProxy - Secured POST /api/v1/auth/register/tenant
2026-04-29 20:30:40 [http-nio-8080-exec-7] DEBUG o.s.web.servlet.DispatcherServlet - POST "/api/v1/auth/register/tenant", parameters={}
2026-04-29 20:30:40 [http-nio-8080-exec-7] DEBUG o.s.w.s.m.m.a.RequestMappingHandlerMapping - Mapped to com.tss.aml.controller.AuthController#registerTenant(TenantRegisterRequestDto)
2026-04-29 20:30:40 [http-nio-8080-exec-7] DEBUG o.s.w.s.m.m.a.RequestResponseBodyMethodProcessor - Read "application/json;charset=UTF-8" to [TenantRegisterRequestDto(tenantName=bob1, email=darshitcoc123@gmail.com)]
2026-04-29 20:30:40 [http-nio-8080-exec-7] DEBUG o.s.s.a.m.AuthorizationManagerBeforeMethodInterceptor - Authorizing method invocation ReflectiveMethodInvocation: public org.springframework.http.ResponseEntity com.tss.aml.controller.AuthController.registerTenant(com.tss.aml.dto.request.TenantRegisterRequestDto); target is of class [com.tss.aml.controller.AuthController]
2026-04-29 20:30:40 [http-nio-8080-exec-7] DEBUG o.s.s.a.m.AuthorizationManagerBeforeMethodInterceptor - Authorized method invocation ReflectiveMethodInvocation: public org.springframework.http.ResponseEntity com.tss.aml.controller.AuthController.registerTenant(com.tss.aml.dto.request.TenantRegisterRequestDto); target is of class [com.tss.aml.controller.AuthController]
2026-04-29 20:30:40 [http-nio-8080-exec-7] DEBUG o.s.w.s.m.m.a.ExceptionHandlerExceptionResolver - Using @ExceptionHandler com.tss.aml.exception.GlobalExceptionHandler#handleException(ApplicationException, HttpServletRequest)
2026-04-29 20:30:40 [http-nio-8080-exec-7] DEBUG o.s.w.s.m.m.a.HttpEntityMethodProcessor - Using 'application/json', given [*/*] and supported [application/json, application/*+json]
2026-04-29 20:30:40 [http-nio-8080-exec-7] DEBUG o.s.w.s.m.m.a.HttpEntityMethodProcessor - Writing [com.tss.aml.exception.ErrorResponse@3a2e206e]
2026-04-29 20:30:40 [http-nio-8080-exec-7] WARN  o.s.w.s.m.m.a.ExceptionHandlerExceptionResolver - Resolved [com.tss.aml.exception.BusinessException: Tenant already exists]
2026-04-29 20:30:40 [http-nio-8080-exec-7] DEBUG o.s.web.servlet.DispatcherServlet - Completed 400 BAD_REQUEST
2026-04-29 20:31:01 [http-nio-8080-exec-10] DEBUG o.s.security.web.FilterChainProxy - Securing POST /api/v1/auth/register/tenant
2026-04-29 20:31:01 [http-nio-8080-exec-10] DEBUG o.s.security.web.FilterChainProxy - Secured POST /api/v1/auth/register/tenant
2026-04-29 20:31:01 [http-nio-8080-exec-10] DEBUG o.s.web.servlet.DispatcherServlet - POST "/api/v1/auth/register/tenant", parameters={}
2026-04-29 20:31:01 [http-nio-8080-exec-10] DEBUG o.s.w.s.m.m.a.RequestMappingHandlerMapping - Mapped to com.tss.aml.controller.AuthController#registerTenant(TenantRegisterRequestDto)
2026-04-29 20:31:01 [http-nio-8080-exec-10] DEBUG o.s.w.s.m.m.a.RequestResponseBodyMethodProcessor - Read "application/json;charset=UTF-8" to [TenantRegisterRequestDto(tenantName=bob1, email=darshitcoc123@gmail.com)]
2026-04-29 20:31:01 [http-nio-8080-exec-10] DEBUG o.s.s.a.m.AuthorizationManagerBeforeMethodInterceptor - Authorizing method invocation ReflectiveMethodInvocation: public org.springframework.http.ResponseEntity com.tss.aml.controller.AuthController.registerTenant(com.tss.aml.dto.request.TenantRegisterRequestDto); target is of class [com.tss.aml.controller.AuthController]
2026-04-29 20:31:01 [http-nio-8080-exec-10] DEBUG o.s.s.a.m.AuthorizationManagerBeforeMethodInterceptor - Authorized method invocation ReflectiveMethodInvocation: public org.springframework.http.ResponseEntity com.tss.aml.controller.AuthController.registerTenant(com.tss.aml.dto.request.TenantRegisterRequestDto); target is of class [com.tss.aml.controller.AuthController]
2026-04-29 20:31:01 [http-nio-8080-exec-10] DEBUG o.s.w.s.m.m.a.ExceptionHandlerExceptionResolver - Using @ExceptionHandler com.tss.aml.exception.GlobalExceptionHandler#handleException(ApplicationException, HttpServletRequest)
2026-04-29 20:31:01 [http-nio-8080-exec-10] DEBUG o.s.w.s.m.m.a.HttpEntityMethodProcessor - Using 'application/json', given [*/*] and supported [application/json, application/*+json]
2026-04-29 20:31:01 [http-nio-8080-exec-10] DEBUG o.s.w.s.m.m.a.HttpEntityMethodProcessor - Writing [com.tss.aml.exception.ErrorResponse@7ffa39c0]
2026-04-29 20:31:01 [http-nio-8080-exec-10] WARN  o.s.w.s.m.m.a.ExceptionHandlerExceptionResolver - Resolved [com.tss.aml.exception.BusinessException: Tenant already exists]
2026-04-29 20:31:01 [http-nio-8080-exec-10] DEBUG o.s.web.servlet.DispatcherServlet - Completed 400 BAD_REQUEST
2026-04-29 20:31:10 [http-nio-8080-exec-1] DEBUG o.s.security.web.FilterChainProxy - Securing POST /api/v1/auth/register/tenant
2026-04-29 20:31:10 [http-nio-8080-exec-1] DEBUG o.s.security.web.FilterChainProxy - Secured POST /api/v1/auth/register/tenant
2026-04-29 20:31:10 [http-nio-8080-exec-1] DEBUG o.s.web.servlet.DispatcherServlet - POST "/api/v1/auth/register/tenant", parameters={}
2026-04-29 20:31:10 [http-nio-8080-exec-1] DEBUG o.s.w.s.m.m.a.RequestMappingHandlerMapping - Mapped to com.tss.aml.controller.AuthController#registerTenant(TenantRegisterRequestDto)
2026-04-29 20:31:10 [http-nio-8080-exec-1] DEBUG o.s.w.s.m.m.a.RequestResponseBodyMethodProcessor - Read "application/json;charset=UTF-8" to [TenantRegisterRequestDto(tenantName=bob1, email=darshitcoc123@gmail.com)]
2026-04-29 20:31:10 [http-nio-8080-exec-1] DEBUG o.s.s.a.m.AuthorizationManagerBeforeMethodInterceptor - Authorizing method invocation ReflectiveMethodInvocation: public org.springframework.http.ResponseEntity com.tss.aml.controller.AuthController.registerTenant(com.tss.aml.dto.request.TenantRegisterRequestDto); target is of class [com.tss.aml.controller.AuthController]
2026-04-29 20:31:10 [http-nio-8080-exec-1] DEBUG o.s.s.a.m.AuthorizationManagerBeforeMethodInterceptor - Authorized method invocation ReflectiveMethodInvocation: public org.springframework.http.ResponseEntity com.tss.aml.controller.AuthController.registerTenant(com.tss.aml.dto.request.TenantRegisterRequestDto); target is of class [com.tss.aml.controller.AuthController]
2026-04-29 20:31:10 [http-nio-8080-exec-1] DEBUG o.s.w.s.m.m.a.ExceptionHandlerExceptionResolver - Using @ExceptionHandler com.tss.aml.exception.GlobalExceptionHandler#handleException(ApplicationException, HttpServletRequest)
2026-04-29 20:31:10 [http-nio-8080-exec-1] DEBUG o.s.w.s.m.m.a.HttpEntityMethodProcessor - Using 'application/json', given [*/*] and supported [application/json, application/*+json]
2026-04-29 20:31:10 [http-nio-8080-exec-1] DEBUG o.s.w.s.m.m.a.HttpEntityMethodProcessor - Writing [com.tss.aml.exception.ErrorResponse@2970c663]
2026-04-29 20:31:10 [http-nio-8080-exec-1] WARN  o.s.w.s.m.m.a.ExceptionHandlerExceptionResolver - Resolved [com.tss.aml.exception.BusinessException: Tenant already exists]
2026-04-29 20:31:10 [http-nio-8080-exec-1] DEBUG o.s.web.servlet.DispatcherServlet - Completed 400 BAD_REQUEST
2026-04-29 20:31:43 [http-nio-8080-exec-3] DEBUG o.s.security.web.FilterChainProxy - Securing POST /api/v1/auth/register/tenant
2026-04-29 20:31:43 [http-nio-8080-exec-3] DEBUG o.s.security.web.FilterChainProxy - Secured POST /api/v1/auth/register/tenant
2026-04-29 20:31:43 [http-nio-8080-exec-3] DEBUG o.s.web.servlet.DispatcherServlet - POST "/api/v1/auth/register/tenant", parameters={}
2026-04-29 20:31:43 [http-nio-8080-exec-3] DEBUG o.s.w.s.m.m.a.RequestMappingHandlerMapping - Mapped to com.tss.aml.controller.AuthController#registerTenant(TenantRegisterRequestDto)
2026-04-29 20:31:43 [http-nio-8080-exec-3] DEBUG o.s.w.s.m.m.a.RequestResponseBodyMethodProcessor - Read "application/json;charset=UTF-8" to [TenantRegisterRequestDto(tenantName=bob1, email=darshitcoc123@gmail.com)]
2026-04-29 20:31:43 [http-nio-8080-exec-3] DEBUG o.s.s.a.m.AuthorizationManagerBeforeMethodInterceptor - Authorizing method invocation ReflectiveMethodInvocation: public org.springframework.http.ResponseEntity com.tss.aml.controller.AuthController.registerTenant(com.tss.aml.dto.request.TenantRegisterRequestDto); target is of class [com.tss.aml.controller.AuthController]
2026-04-29 20:31:43 [http-nio-8080-exec-3] DEBUG o.s.s.a.m.AuthorizationManagerBeforeMethodInterceptor - Authorized method invocation ReflectiveMethodInvocation: public org.springframework.http.ResponseEntity com.tss.aml.controller.AuthController.registerTenant(com.tss.aml.dto.request.TenantRegisterRequestDto); target is of class [com.tss.aml.controller.AuthController]
2026-04-29 20:31:43 [http-nio-8080-exec-3] INFO  org.flywaydb.core.FlywayExecutor - Database: jdbc:postgresql://localhost:5432/aml (PostgreSQL 14.21)
2026-04-29 20:31:43 [http-nio-8080-exec-3] INFO  o.f.c.internal.database.base.Schema - Creating schema "tenant_bob1" ...
2026-04-29 20:31:43 [http-nio-8080-exec-3] INFO  o.f.c.i.s.JdbcTableSchemaHistory - Creating Schema History table "tenant_bob1"."flyway_schema_history" ...
2026-04-29 20:31:43 [http-nio-8080-exec-3] INFO  o.f.core.internal.command.DbMigrate - Current version of schema "tenant_bob1": null
2026-04-29 20:31:43 [http-nio-8080-exec-3] INFO  o.f.core.internal.command.DbMigrate - Migrating schema "tenant_bob1" to version "1 - tenant schema"
2026-04-29 20:31:43 [http-nio-8080-exec-3] INFO  o.f.c.i.s.DefaultSqlScriptExecutor - DB: constraint "uk_account_number" of relation "accounts" does not exist, skipping
2026-04-29 20:31:43 [http-nio-8080-exec-3] INFO  o.f.c.i.s.DefaultSqlScriptExecutor - DB: constraint "uk94eehv22l33uvmut9jvb61nr3" of relation "compliance_investigation_assignment" does not exist, skipping
2026-04-29 20:31:43 [http-nio-8080-exec-3] INFO  o.f.c.i.s.DefaultSqlScriptExecutor - DB: constraint "ukjchx5c1ch69p23ybse300w1qk" of relation "bank_admins" does not exist, skipping
2026-04-29 20:31:43 [http-nio-8080-exec-3] INFO  o.f.c.i.s.DefaultSqlScriptExecutor - DB: constraint "ukaaa78ncvyqn4wo8uty1a766tc" of relation "cases" does not exist, skipping
2026-04-29 20:31:43 [http-nio-8080-exec-3] INFO  o.f.c.i.s.DefaultSqlScriptExecutor - DB: constraint "ukqhk9hcyhhnv3pue19ikp8d8l3" of relation "compliance_officers" does not exist, skipping
2026-04-29 20:31:43 [http-nio-8080-exec-3] INFO  o.f.c.i.s.DefaultSqlScriptExecutor - DB: constraint "ukt74y58jagthxqxysuw9l0jx6y" of relation "customers" does not exist, skipping
2026-04-29 20:31:43 [http-nio-8080-exec-3] INFO  o.f.c.i.s.DefaultSqlScriptExecutor - DB: constraint "uk3w93192dhkdixcb3xncuf84pj" of relation "transactions" does not exist, skipping
2026-04-29 20:31:43 [http-nio-8080-exec-3] INFO  o.f.core.internal.command.DbMigrate - Successfully applied 1 migration to schema "tenant_bob1", now at version v1 (execution time 00:00.047s)
2026-04-29 20:31:43 [http-nio-8080-exec-3] INFO  c.t.a.s.BankAdminRegistrationService - Starting BankAdmin registration | email=darshitcoc123@gmail.com | tenant=tenant_bob1
2026-04-29 20:31:43 [http-nio-8080-exec-3] DEBUG c.t.a.s.BankAdminRegistrationService - Resolved DB schema=tenant_bob1 for tenant=tenant_bob1
2026-04-29 20:31:43 [http-nio-8080-exec-3] INFO  c.t.a.s.BankAdminRegistrationService - BankAdmin saved successfully | email=darshitcoc123@gmail.com | tenant=tenant_bob1
2026-04-29 20:31:43 [http-nio-8080-exec-3] INFO  c.t.a.s.BankAdminRegistrationService - Registration email triggered | email=darshitcoc123@gmail.com
2026-04-29 20:31:43 [http-nio-8080-exec-3] DEBUG o.s.w.s.m.m.a.HttpEntityMethodProcessor - Using 'text/plain', given [*/*] and supported [text/plain, */*, application/json, application/*+json]
2026-04-29 20:31:43 [http-nio-8080-exec-3] DEBUG o.s.w.s.m.m.a.HttpEntityMethodProcessor - Writing ["Tenant Registered Successfully"]
2026-04-29 20:31:43 [http-nio-8080-exec-3] DEBUG o.s.web.servlet.DispatcherServlet - Completed 200 OK
2026-04-29 20:32:08 [SpringApplicationShutdownHook] INFO  o.s.boot.tomcat.GracefulShutdown - Commencing graceful shutdown. Waiting for active requests to complete
2026-04-29 20:32:08 [tomcat-shutdown] INFO  o.s.boot.tomcat.GracefulShutdown - Graceful shutdown complete
2026-04-29 20:32:08 [SpringApplicationShutdownHook] INFO  o.s.o.j.LocalContainerEntityManagerFactoryBean - Closing JPA EntityManagerFactory for persistence unit 'default'
2026-04-29 20:32:08 [SpringApplicationShutdownHook] INFO  com.zaxxer.hikari.HikariDataSource - HikariPool-1 - Shutdown initiated...
2026-04-29 20:32:08 [SpringApplicationShutdownHook] INFO  com.zaxxer.hikari.HikariDataSource - HikariPool-1 - Shutdown completed.
2026-04-29 20:32:09 [restartedMain] INFO  com.tss.aml.AmlApplication - Starting AmlApplication using Java 25.0.1 with PID 36710 (/Users/darshitdhaduk/Developer/Swabhav Project/Capstone/AML/target/classes started by darshitdhaduk in /Users/darshitdhaduk/Developer/Swabhav Project/Capstone/AML)
2026-04-29 20:32:09 [restartedMain] DEBUG com.tss.aml.AmlApplication - Running with Spring Boot v4.0.5, Spring v7.0.6
2026-04-29 20:32:09 [restartedMain] INFO  com.tss.aml.AmlApplication - No active profile set, falling back to 1 default profile: "default"
2026-04-29 20:32:09 [restartedMain] INFO  o.s.b.d.e.DevToolsPropertyDefaultsPostProcessor - Devtools property defaults active! Set 'spring.devtools.add-properties' to 'false' to disable
2026-04-29 20:32:09 [restartedMain] INFO  o.s.b.d.e.DevToolsPropertyDefaultsPostProcessor - For additional web related logging consider setting the 'logging.level.web' property to 'DEBUG'
2026-04-29 20:32:10 [restartedMain] INFO  o.s.d.r.c.RepositoryConfigurationDelegate - Bootstrapping Spring Data JPA repositories in DEFAULT mode.
2026-04-29 20:32:10 [restartedMain] INFO  o.s.d.r.c.RepositoryConfigurationDelegate - Finished Spring Data repository scanning in 23 ms. Found 11 JPA repository interfaces.
2026-04-29 20:32:10 [restartedMain] INFO  o.s.boot.tomcat.TomcatWebServer - Tomcat initialized with port 8080 (http)
2026-04-29 20:32:10 [restartedMain] INFO  o.a.catalina.core.StandardService - Starting service [Tomcat]
2026-04-29 20:32:10 [restartedMain] INFO  o.a.catalina.core.StandardEngine - Starting Servlet engine: [Apache Tomcat/11.0.20]
2026-04-29 20:32:10 [restartedMain] INFO  o.s.b.w.c.s.WebApplicationContextInitializer - Root WebApplicationContext: initialization completed in 524 ms
2026-04-29 20:32:10 [restartedMain] INFO  org.hibernate.orm.jpa - HHH008540: Processing PersistenceUnitInfo [name: default]
2026-04-29 20:32:10 [restartedMain] INFO  org.hibernate.orm.core - HHH000001: Hibernate ORM core version 7.2.7.Final
2026-04-29 20:32:10 [restartedMain] INFO  o.s.o.j.p.SpringPersistenceUnitInfo - No LoadTimeWeaver setup: ignoring JPA class transformer
2026-04-29 20:32:10 [restartedMain] INFO  com.zaxxer.hikari.HikariDataSource - HikariPool-1 - Starting...
2026-04-29 20:32:10 [restartedMain] INFO  com.zaxxer.hikari.pool.HikariPool - HikariPool-1 - Added connection org.postgresql.jdbc.PgConnection@27f0995
2026-04-29 20:32:10 [restartedMain] INFO  com.zaxxer.hikari.HikariDataSource - HikariPool-1 - Start completed.
2026-04-29 20:32:10 [restartedMain] WARN  org.hibernate.orm.deprecation - HHH90000025: PostgreSQLDialect does not need to be specified explicitly using 'hibernate.dialect' (remove the property setting and it will be selected by default)
2026-04-29 20:32:10 [restartedMain] INFO  o.hibernate.orm.connections.pooling - HHH10001005: Database info:
	Database JDBC URL [undefined/unknown]
	Database driver: undefined/unknown
	Database dialect: PostgreSQLDialect
	Database version: 14.21
	Default catalog/schema: unknown/unknown
	Autocommit mode: undefined/unknown
	Isolation level: undefined/unknown
	JDBC fetch size: undefined/unknown
	Pool: undefined/unknown
	Minimum pool size: undefined/unknown
	Maximum pool size: undefined/unknown
2026-04-29 20:32:11 [restartedMain] INFO  org.hibernate.orm.core - HHH000489: No JTA platform available (set 'hibernate.transaction.jta.platform' to enable JTA platform integration)
2026-04-29 20:32:11 [restartedMain] INFO  o.s.o.j.LocalContainerEntityManagerFactoryBean - Initialized JPA EntityManagerFactory for persistence unit 'default'
2026-04-29 20:32:11 [restartedMain] INFO  o.s.d.j.r.q.QueryEnhancerFactories - Hibernate is in classpath; If applicable, HQL parser will be used.
2026-04-29 20:32:11 [restartedMain] INFO  o.s.s.c.a.a.c.InitializeAuthenticationProviderBeanManagerConfigurer$InitializeAuthenticationProviderManagerConfigurer - Global AuthenticationManager configured with AuthenticationProvider bean with name customAuthenticationProvider
2026-04-29 20:32:11 [restartedMain] DEBUG c.t.a.f.LoginAuthenticationFilter - Filter 'loginAuthenticationFilter' configured for use
2026-04-29 20:32:11 [restartedMain] DEBUG com.tss.aml.filter.TenantFilter - Filter 'tenantFilter' configured for use
2026-04-29 20:32:11 [restartedMain] DEBUG com.tss.aml.filter.JwtAuthFilter - Filter 'jwtAuthFilter' configured for use
2026-04-29 20:32:11 [restartedMain] WARN  o.s.b.j.a.JpaBaseConfiguration$JpaWebConfiguration - spring.jpa.open-in-view is enabled by default. Therefore, database queries may be performed during view rendering. Explicitly configure spring.jpa.open-in-view to disable this warning
2026-04-29 20:32:11 [restartedMain] DEBUG o.s.s.web.DefaultSecurityFilterChain - Will secure any request with filters: DisableEncodeUrlFilter, WebAsyncManagerIntegrationFilter, SecurityContextHolderFilter, HeaderWriterFilter, CorsFilter, LogoutFilter, TenantFilter, JwtAuthFilter, LoginAuthenticationFilter, RequestCacheAwareFilter, SecurityContextHolderAwareRequestFilter, AnonymousAuthenticationFilter, ExceptionTranslationFilter, AuthorizationFilter
2026-04-29 20:32:11 [restartedMain] DEBUG o.s.w.s.m.m.a.RequestMappingHandlerMapping - 18 mappings in 'requestMappingHandlerMapping'
2026-04-29 20:32:11 [restartedMain] DEBUG o.s.w.s.h.SimpleUrlHandlerMapping - Patterns [/webjars/**, /**] in 'resourceHandlerMapping'
2026-04-29 20:32:11 [restartedMain] DEBUG o.s.w.s.m.m.a.RequestMappingHandlerAdapter - ControllerAdvice beans: 0 @ModelAttribute, 0 @InitBinder, 2 RequestBodyAdvice, 1 ResponseBodyAdvice
2026-04-29 20:32:11 [restartedMain] DEBUG o.s.w.s.m.m.a.ExceptionHandlerExceptionResolver - ControllerAdvice beans: 1 @ExceptionHandler, 1 ResponseBodyAdvice
2026-04-29 20:32:11 [restartedMain] INFO  o.s.boot.tomcat.TomcatWebServer - Tomcat started on port 8080 (http) with context path '/'
2026-04-29 20:32:12 [restartedMain] INFO  com.tss.aml.AmlApplication - Started AmlApplication in 2.38 seconds (process running for 2.552)
2026-04-29 20:32:41 [http-nio-8080-exec-2] INFO  o.a.c.c.C.[Tomcat].[localhost].[/] - Initializing Spring DispatcherServlet 'dispatcherServlet'
2026-04-29 20:32:41 [http-nio-8080-exec-2] INFO  o.s.web.servlet.DispatcherServlet - Initializing Servlet 'dispatcherServlet'
2026-04-29 20:32:41 [http-nio-8080-exec-2] DEBUG o.s.web.servlet.DispatcherServlet - Detected StandardServletMultipartResolver
2026-04-29 20:32:41 [http-nio-8080-exec-2] DEBUG o.s.web.servlet.DispatcherServlet - Detected AcceptHeaderLocaleResolver
2026-04-29 20:32:41 [http-nio-8080-exec-2] DEBUG o.s.web.servlet.DispatcherServlet - Detected org.springframework.web.servlet.view.DefaultRequestToViewNameTranslator@1100cfa
2026-04-29 20:32:41 [http-nio-8080-exec-2] DEBUG o.s.web.servlet.DispatcherServlet - Detected org.springframework.web.servlet.support.SessionFlashMapManager@2d9d7714
2026-04-29 20:32:41 [http-nio-8080-exec-2] DEBUG o.s.web.servlet.DispatcherServlet - enableLoggingRequestDetails='false': request parameters and headers will be masked to prevent unsafe logging of potentially sensitive data
2026-04-29 20:32:41 [http-nio-8080-exec-2] INFO  o.s.web.servlet.DispatcherServlet - Completed initialization in 2 ms
2026-04-29 20:32:41 [http-nio-8080-exec-2] DEBUG o.s.security.web.FilterChainProxy - Securing POST /api/v1/auth/register/tenant
2026-04-29 20:32:45 [http-nio-8080-exec-3] DEBUG o.s.security.web.FilterChainProxy - Securing GET /login
2026-04-29 20:32:47 [http-nio-8080-exec-4] DEBUG o.s.security.web.FilterChainProxy - Securing GET /login
2026-04-29 20:32:56 [http-nio-8080-exec-5] DEBUG o.s.security.web.FilterChainProxy - Securing POST /api/v1/auth/register/tenant
2026-04-29 20:32:56 [http-nio-8080-exec-5] DEBUG o.s.security.web.FilterChainProxy - Secured POST /api/v1/auth/register/tenant
2026-04-29 20:32:56 [http-nio-8080-exec-5] DEBUG o.s.web.servlet.DispatcherServlet - POST "/api/v1/auth/register/tenant", parameters={}
2026-04-29 20:32:56 [http-nio-8080-exec-5] DEBUG o.s.w.s.m.m.a.RequestMappingHandlerMapping - Mapped to com.tss.aml.controller.AuthController#registerTenant(TenantRegisterRequestDto)
2026-04-29 20:32:56 [http-nio-8080-exec-5] DEBUG o.s.w.s.m.m.a.RequestResponseBodyMethodProcessor - Read "application/json;charset=UTF-8" to [TenantRegisterRequestDto(tenantName=bob1, email=darshitcoc123@gmail.com)]
2026-04-29 20:32:56 [http-nio-8080-exec-5] DEBUG o.s.s.a.m.AuthorizationManagerBeforeMethodInterceptor - Authorizing method invocation ReflectiveMethodInvocation: public org.springframework.http.ResponseEntity com.tss.aml.controller.AuthController.registerTenant(com.tss.aml.dto.request.TenantRegisterRequestDto); target is of class [com.tss.aml.controller.AuthController]
2026-04-29 20:32:56 [http-nio-8080-exec-5] DEBUG o.s.s.a.m.AuthorizationManagerBeforeMethodInterceptor - Authorized method invocation ReflectiveMethodInvocation: public org.springframework.http.ResponseEntity com.tss.aml.controller.AuthController.registerTenant(com.tss.aml.dto.request.TenantRegisterRequestDto); target is of class [com.tss.aml.controller.AuthController]
2026-04-29 20:32:56 [http-nio-8080-exec-5] INFO  org.flywaydb.core.FlywayExecutor - Database: jdbc:postgresql://localhost:5432/aml (PostgreSQL 14.21)
2026-04-29 20:32:56 [http-nio-8080-exec-5] INFO  o.f.c.internal.database.base.Schema - Creating schema "tenant_bob1" ...
2026-04-29 20:32:56 [http-nio-8080-exec-5] INFO  o.f.c.i.s.JdbcTableSchemaHistory - Creating Schema History table "tenant_bob1"."flyway_schema_history" ...
2026-04-29 20:32:56 [http-nio-8080-exec-5] INFO  o.f.core.internal.command.DbMigrate - Current version of schema "tenant_bob1": null
2026-04-29 20:32:56 [http-nio-8080-exec-5] INFO  o.f.core.internal.command.DbMigrate - Migrating schema "tenant_bob1" to version "1 - tenant schema"
2026-04-29 20:32:56 [http-nio-8080-exec-5] INFO  o.f.c.i.s.DefaultSqlScriptExecutor - DB: constraint "uk_account_number" of relation "accounts" does not exist, skipping
2026-04-29 20:32:56 [http-nio-8080-exec-5] INFO  o.f.c.i.s.DefaultSqlScriptExecutor - DB: constraint "uk94eehv22l33uvmut9jvb61nr3" of relation "compliance_investigation_assignment" does not exist, skipping
2026-04-29 20:32:56 [http-nio-8080-exec-5] INFO  o.f.c.i.s.DefaultSqlScriptExecutor - DB: constraint "ukjchx5c1ch69p23ybse300w1qk" of relation "bank_admins" does not exist, skipping
2026-04-29 20:32:56 [http-nio-8080-exec-5] INFO  o.f.c.i.s.DefaultSqlScriptExecutor - DB: constraint "ukaaa78ncvyqn4wo8uty1a766tc" of relation "cases" does not exist, skipping
2026-04-29 20:32:56 [http-nio-8080-exec-5] INFO  o.f.c.i.s.DefaultSqlScriptExecutor - DB: constraint "ukqhk9hcyhhnv3pue19ikp8d8l3" of relation "compliance_officers" does not exist, skipping
2026-04-29 20:32:56 [http-nio-8080-exec-5] INFO  o.f.c.i.s.DefaultSqlScriptExecutor - DB: constraint "ukt74y58jagthxqxysuw9l0jx6y" of relation "customers" does not exist, skipping
2026-04-29 20:32:56 [http-nio-8080-exec-5] INFO  o.f.c.i.s.DefaultSqlScriptExecutor - DB: constraint "uk3w93192dhkdixcb3xncuf84pj" of relation "transactions" does not exist, skipping
2026-04-29 20:32:56 [http-nio-8080-exec-5] INFO  o.f.core.internal.command.DbMigrate - Successfully applied 1 migration to schema "tenant_bob1", now at version v1 (execution time 00:00.048s)
2026-04-29 20:32:56 [http-nio-8080-exec-5] INFO  c.t.a.s.BankAdminRegistrationService - Starting BankAdmin registration | email=darshitcoc123@gmail.com | tenant=tenant_bob1
2026-04-29 20:32:56 [http-nio-8080-exec-5] DEBUG c.t.a.s.BankAdminRegistrationService - Resolved DB schema=tenant_bob1 for tenant=tenant_bob1
2026-04-29 20:32:56 [http-nio-8080-exec-5] INFO  c.t.a.s.BankAdminRegistrationService - BankAdmin saved successfully | email=darshitcoc123@gmail.com | tenant=tenant_bob1
2026-04-29 20:32:56 [http-nio-8080-exec-5] INFO  c.t.a.s.BankAdminRegistrationService - Registration email triggered | email=darshitcoc123@gmail.com
2026-04-29 20:32:56 [http-nio-8080-exec-5] DEBUG o.s.w.s.m.m.a.HttpEntityMethodProcessor - Using 'text/plain', given [*/*] and supported [text/plain, */*, application/json, application/*+json]
2026-04-29 20:32:56 [http-nio-8080-exec-5] DEBUG o.s.w.s.m.m.a.HttpEntityMethodProcessor - Writing ["Tenant Registered Successfully"]
2026-04-29 20:32:56 [http-nio-8080-exec-5] DEBUG o.s.web.servlet.DispatcherServlet - Completed 200 OK
2026-04-29 20:39:04 [HikariPool-1:housekeeper] WARN  com.zaxxer.hikari.pool.HikariPool - HikariPool-1 - Thread starvation or clock leap detected (housekeeper delta=2m23s646ms).
2026-04-29 20:42:28 [http-nio-8080-exec-7] DEBUG o.s.security.web.FilterChainProxy - Securing POST /api/v1/auth/register/co
2026-04-29 20:42:28 [http-nio-8080-exec-7] DEBUG o.s.security.web.FilterChainProxy - Secured POST /api/v1/auth/register/co
2026-04-29 20:42:28 [http-nio-8080-exec-7] DEBUG o.s.web.servlet.DispatcherServlet - POST "/api/v1/auth/register/co", parameters={}
2026-04-29 20:42:28 [http-nio-8080-exec-7] DEBUG o.s.w.s.m.m.a.RequestMappingHandlerMapping - Mapped to com.tss.aml.controller.AuthController#registerComplianceOfficer(ComplianceOfficerRegisterRequestDto)
2026-04-29 20:42:28 [http-nio-8080-exec-7] DEBUG o.s.w.s.m.m.a.RequestResponseBodyMethodProcessor - Read "application/json;charset=UTF-8" to [ComplianceOfficerRegisterRequestDto(email=darshitcoc123@gmail.com)]
2026-04-29 20:42:28 [http-nio-8080-exec-7] DEBUG o.s.s.a.m.AuthorizationManagerBeforeMethodInterceptor - Authorizing method invocation ReflectiveMethodInvocation: public org.springframework.http.ResponseEntity com.tss.aml.controller.AuthController.registerComplianceOfficer(com.tss.aml.dto.request.ComplianceOfficerRegisterRequestDto); target is of class [com.tss.aml.controller.AuthController]
2026-04-29 20:42:28 [http-nio-8080-exec-7] DEBUG o.s.s.a.m.AuthorizationManagerBeforeMethodInterceptor - Authorized method invocation ReflectiveMethodInvocation: public org.springframework.http.ResponseEntity com.tss.aml.controller.AuthController.registerComplianceOfficer(com.tss.aml.dto.request.ComplianceOfficerRegisterRequestDto); target is of class [com.tss.aml.controller.AuthController]
2026-04-29 20:42:28 [http-nio-8080-exec-7] DEBUG o.s.w.s.m.m.a.ExceptionHandlerExceptionResolver - Using @ExceptionHandler com.tss.aml.exception.GlobalExceptionHandler#handleAnyException(Exception, HttpServletRequest)
2026-04-29 20:42:28 [http-nio-8080-exec-7] DEBUG o.s.w.s.m.m.a.HttpEntityMethodProcessor - Using 'text/plain', given [*/*] and supported [text/plain, */*, application/json, application/*+json]
2026-04-29 20:42:28 [http-nio-8080-exec-7] DEBUG o.s.w.s.m.m.a.HttpEntityMethodProcessor - Writing ["Something went wrong"]
2026-04-29 20:42:28 [http-nio-8080-exec-7] WARN  o.s.w.s.m.m.a.ExceptionHandlerExceptionResolver - Resolved [java.lang.StringIndexOutOfBoundsException: Index 4 out of bounds for length 4]
2026-04-29 20:42:28 [http-nio-8080-exec-7] DEBUG o.s.web.servlet.DispatcherServlet - Completed 500 INTERNAL_SERVER_ERROR
2026-04-29 20:52:04 [http-nio-8080-exec-9] DEBUG o.s.security.web.FilterChainProxy - Securing POST /api/v1/auth/register/co
2026-04-29 20:52:04 [http-nio-8080-exec-9] DEBUG o.s.security.web.FilterChainProxy - Secured POST /api/v1/auth/register/co
2026-04-29 20:52:04 [http-nio-8080-exec-9] DEBUG o.s.web.servlet.DispatcherServlet - POST "/api/v1/auth/register/co", parameters={}
2026-04-29 20:52:04 [http-nio-8080-exec-9] DEBUG o.s.w.s.m.m.a.RequestMappingHandlerMapping - Mapped to com.tss.aml.controller.AuthController#registerComplianceOfficer(ComplianceOfficerRegisterRequestDto)
2026-04-29 20:52:04 [http-nio-8080-exec-9] DEBUG o.s.w.s.m.m.a.RequestResponseBodyMethodProcessor - Read "application/json;charset=UTF-8" to [ComplianceOfficerRegisterRequestDto(email=darshitcoc123@gmail.com)]
2026-04-29 20:52:04 [http-nio-8080-exec-9] DEBUG o.s.s.a.m.AuthorizationManagerBeforeMethodInterceptor - Authorizing method invocation ReflectiveMethodInvocation: public org.springframework.http.ResponseEntity com.tss.aml.controller.AuthController.registerComplianceOfficer(com.tss.aml.dto.request.ComplianceOfficerRegisterRequestDto); target is of class [com.tss.aml.controller.AuthController]
2026-04-29 20:52:04 [http-nio-8080-exec-9] DEBUG o.s.s.a.m.AuthorizationManagerBeforeMethodInterceptor - Authorized method invocation ReflectiveMethodInvocation: public org.springframework.http.ResponseEntity com.tss.aml.controller.AuthController.registerComplianceOfficer(com.tss.aml.dto.request.ComplianceOfficerRegisterRequestDto); target is of class [com.tss.aml.controller.AuthController]
2026-04-29 20:52:04 [http-nio-8080-exec-9] DEBUG o.s.w.s.m.m.a.ExceptionHandlerExceptionResolver - Using @ExceptionHandler com.tss.aml.exception.GlobalExceptionHandler#handleAnyException(Exception, HttpServletRequest)
2026-04-29 20:52:04 [http-nio-8080-exec-9] DEBUG o.s.w.s.m.m.a.HttpEntityMethodProcessor - Using 'text/plain', given [*/*] and supported [text/plain, */*, application/json, application/*+json]
2026-04-29 20:52:04 [http-nio-8080-exec-9] DEBUG o.s.w.s.m.m.a.HttpEntityMethodProcessor - Writing ["Something went wrong"]
2026-04-29 20:52:04 [http-nio-8080-exec-9] WARN  o.s.w.s.m.m.a.ExceptionHandlerExceptionResolver - Resolved [java.lang.StringIndexOutOfBoundsException: Index 4 out of bounds for length 4]
2026-04-29 20:52:04 [http-nio-8080-exec-9] DEBUG o.s.web.servlet.DispatcherServlet - Completed 500 INTERNAL_SERVER_ERROR
2026-04-29 21:25:57 [HikariPool-1:housekeeper] WARN  com.zaxxer.hikari.pool.HikariPool - HikariPool-1 - Thread starvation or clock leap detected (housekeeper delta=16m52s465ms).
2026-04-29 21:42:55 [HikariPool-1:housekeeper] WARN  com.zaxxer.hikari.pool.HikariPool - HikariPool-1 - Thread starvation or clock leap detected (housekeeper delta=16m58s62ms).
2026-04-29 21:46:36 [HikariPool-1:housekeeper] WARN  com.zaxxer.hikari.pool.HikariPool - HikariPool-1 - Thread starvation or clock leap detected (housekeeper delta=3m40s896ms).
2026-04-29 22:03:07 [SpringApplicationShutdownHook] INFO  o.s.boot.tomcat.GracefulShutdown - Commencing graceful shutdown. Waiting for active requests to complete
2026-04-29 22:03:07 [tomcat-shutdown] INFO  o.s.boot.tomcat.GracefulShutdown - Graceful shutdown complete
2026-04-29 22:03:07 [SpringApplicationShutdownHook] INFO  o.s.o.j.LocalContainerEntityManagerFactoryBean - Closing JPA EntityManagerFactory for persistence unit 'default'
2026-04-29 22:03:07 [SpringApplicationShutdownHook] INFO  com.zaxxer.hikari.HikariDataSource - HikariPool-1 - Shutdown initiated...
2026-04-29 22:03:07 [SpringApplicationShutdownHook] INFO  com.zaxxer.hikari.HikariDataSource - HikariPool-1 - Shutdown completed.
2026-04-29 22:03:08 [restartedMain] INFO  com.tss.aml.AmlApplication - Starting AmlApplication using Java 25.0.1 with PID 39780 (/Users/darshitdhaduk/Developer/Swabhav Project/Capstone/AML/target/classes started by darshitdhaduk in /Users/darshitdhaduk/Developer/Swabhav Project/Capstone/AML)
2026-04-29 22:03:08 [restartedMain] DEBUG com.tss.aml.AmlApplication - Running with Spring Boot v4.0.5, Spring v7.0.6
2026-04-29 22:03:08 [restartedMain] INFO  com.tss.aml.AmlApplication - No active profile set, falling back to 1 default profile: "default"
2026-04-29 22:03:08 [restartedMain] INFO  o.s.b.d.e.DevToolsPropertyDefaultsPostProcessor - Devtools property defaults active! Set 'spring.devtools.add-properties' to 'false' to disable
2026-04-29 22:03:08 [restartedMain] INFO  o.s.b.d.e.DevToolsPropertyDefaultsPostProcessor - For additional web related logging consider setting the 'logging.level.web' property to 'DEBUG'
2026-04-29 22:03:09 [restartedMain] INFO  o.s.d.r.c.RepositoryConfigurationDelegate - Bootstrapping Spring Data JPA repositories in DEFAULT mode.
2026-04-29 22:03:09 [restartedMain] INFO  o.s.d.r.c.RepositoryConfigurationDelegate - Finished Spring Data repository scanning in 28 ms. Found 11 JPA repository interfaces.
2026-04-29 22:03:09 [restartedMain] INFO  o.s.boot.tomcat.TomcatWebServer - Tomcat initialized with port 8080 (http)
2026-04-29 22:03:09 [restartedMain] INFO  o.a.catalina.core.StandardService - Starting service [Tomcat]
2026-04-29 22:03:09 [restartedMain] INFO  o.a.catalina.core.StandardEngine - Starting Servlet engine: [Apache Tomcat/11.0.20]
2026-04-29 22:03:09 [restartedMain] INFO  o.s.b.w.c.s.WebApplicationContextInitializer - Root WebApplicationContext: initialization completed in 554 ms
2026-04-29 22:03:09 [restartedMain] INFO  org.hibernate.orm.jpa - HHH008540: Processing PersistenceUnitInfo [name: default]
2026-04-29 22:03:09 [restartedMain] INFO  org.hibernate.orm.core - HHH000001: Hibernate ORM core version 7.2.7.Final
2026-04-29 22:03:09 [restartedMain] INFO  o.s.o.j.p.SpringPersistenceUnitInfo - No LoadTimeWeaver setup: ignoring JPA class transformer
2026-04-29 22:03:09 [restartedMain] INFO  com.zaxxer.hikari.HikariDataSource - HikariPool-1 - Starting...
2026-04-29 22:03:09 [restartedMain] INFO  com.zaxxer.hikari.pool.HikariPool - HikariPool-1 - Added connection org.postgresql.jdbc.PgConnection@72412d5f
2026-04-29 22:03:09 [restartedMain] INFO  com.zaxxer.hikari.HikariDataSource - HikariPool-1 - Start completed.
2026-04-29 22:03:09 [restartedMain] WARN  org.hibernate.orm.deprecation - HHH90000025: PostgreSQLDialect does not need to be specified explicitly using 'hibernate.dialect' (remove the property setting and it will be selected by default)
2026-04-29 22:03:09 [restartedMain] INFO  o.hibernate.orm.connections.pooling - HHH10001005: Database info:
	Database JDBC URL [undefined/unknown]
	Database driver: undefined/unknown
	Database dialect: PostgreSQLDialect
	Database version: 14.21
	Default catalog/schema: unknown/unknown
	Autocommit mode: undefined/unknown
	Isolation level: undefined/unknown
	JDBC fetch size: undefined/unknown
	Pool: undefined/unknown
	Minimum pool size: undefined/unknown
	Maximum pool size: undefined/unknown
2026-04-29 22:03:10 [restartedMain] INFO  org.hibernate.orm.core - HHH000489: No JTA platform available (set 'hibernate.transaction.jta.platform' to enable JTA platform integration)
2026-04-29 22:03:10 [restartedMain] INFO  o.s.o.j.LocalContainerEntityManagerFactoryBean - Initialized JPA EntityManagerFactory for persistence unit 'default'
2026-04-29 22:03:10 [restartedMain] INFO  o.s.d.j.r.q.QueryEnhancerFactories - Hibernate is in classpath; If applicable, HQL parser will be used.
2026-04-29 22:03:10 [restartedMain] INFO  o.s.s.c.a.a.c.InitializeAuthenticationProviderBeanManagerConfigurer$InitializeAuthenticationProviderManagerConfigurer - Global AuthenticationManager configured with AuthenticationProvider bean with name customAuthenticationProvider
2026-04-29 22:03:10 [restartedMain] DEBUG c.t.a.f.LoginAuthenticationFilter - Filter 'loginAuthenticationFilter' configured for use
2026-04-29 22:03:10 [restartedMain] DEBUG com.tss.aml.filter.TenantFilter - Filter 'tenantFilter' configured for use
2026-04-29 22:03:10 [restartedMain] DEBUG com.tss.aml.filter.JwtAuthFilter - Filter 'jwtAuthFilter' configured for use
2026-04-29 22:03:10 [restartedMain] WARN  o.s.b.j.a.JpaBaseConfiguration$JpaWebConfiguration - spring.jpa.open-in-view is enabled by default. Therefore, database queries may be performed during view rendering. Explicitly configure spring.jpa.open-in-view to disable this warning
2026-04-29 22:03:11 [restartedMain] DEBUG o.s.s.web.DefaultSecurityFilterChain - Will secure any request with filters: DisableEncodeUrlFilter, WebAsyncManagerIntegrationFilter, SecurityContextHolderFilter, HeaderWriterFilter, CorsFilter, LogoutFilter, TenantFilter, JwtAuthFilter, LoginAuthenticationFilter, RequestCacheAwareFilter, SecurityContextHolderAwareRequestFilter, AnonymousAuthenticationFilter, ExceptionTranslationFilter, AuthorizationFilter
2026-04-29 22:03:11 [restartedMain] DEBUG o.s.w.s.m.m.a.RequestMappingHandlerMapping - 18 mappings in 'requestMappingHandlerMapping'
2026-04-29 22:03:11 [restartedMain] DEBUG o.s.w.s.h.SimpleUrlHandlerMapping - Patterns [/webjars/**, /**] in 'resourceHandlerMapping'
2026-04-29 22:03:11 [restartedMain] DEBUG o.s.w.s.m.m.a.RequestMappingHandlerAdapter - ControllerAdvice beans: 0 @ModelAttribute, 0 @InitBinder, 2 RequestBodyAdvice, 1 ResponseBodyAdvice
2026-04-29 22:03:11 [restartedMain] DEBUG o.s.w.s.m.m.a.ExceptionHandlerExceptionResolver - ControllerAdvice beans: 1 @ExceptionHandler, 1 ResponseBodyAdvice
2026-04-29 22:03:11 [restartedMain] INFO  o.s.boot.tomcat.TomcatWebServer - Tomcat started on port 8080 (http) with context path '/'
2026-04-29 22:03:11 [restartedMain] INFO  com.tss.aml.AmlApplication - Started AmlApplication in 2.428 seconds (process running for 2.629)
2026-04-29 22:03:14 [http-nio-8080-exec-2] INFO  o.a.c.c.C.[Tomcat].[localhost].[/] - Initializing Spring DispatcherServlet 'dispatcherServlet'
2026-04-29 22:03:14 [http-nio-8080-exec-2] INFO  o.s.web.servlet.DispatcherServlet - Initializing Servlet 'dispatcherServlet'
2026-04-29 22:03:14 [http-nio-8080-exec-2] DEBUG o.s.web.servlet.DispatcherServlet - Detected StandardServletMultipartResolver
2026-04-29 22:03:14 [http-nio-8080-exec-2] DEBUG o.s.web.servlet.DispatcherServlet - Detected AcceptHeaderLocaleResolver
2026-04-29 22:03:14 [http-nio-8080-exec-2] DEBUG o.s.web.servlet.DispatcherServlet - Detected org.springframework.web.servlet.view.DefaultRequestToViewNameTranslator@532b5b38
2026-04-29 22:03:14 [http-nio-8080-exec-2] DEBUG o.s.web.servlet.DispatcherServlet - Detected org.springframework.web.servlet.support.SessionFlashMapManager@541dd4b9
2026-04-29 22:03:14 [http-nio-8080-exec-2] DEBUG o.s.web.servlet.DispatcherServlet - enableLoggingRequestDetails='false': request parameters and headers will be masked to prevent unsafe logging of potentially sensitive data
2026-04-29 22:03:14 [http-nio-8080-exec-2] INFO  o.s.web.servlet.DispatcherServlet - Completed initialization in 1 ms
2026-04-29 22:03:14 [http-nio-8080-exec-2] DEBUG o.s.security.web.FilterChainProxy - Securing POST /api/v1/auth/register/co
2026-04-29 22:03:20 [http-nio-8080-exec-3] DEBUG o.s.security.web.FilterChainProxy - Securing GET /login
2026-04-29 22:03:25 [http-nio-8080-exec-4] DEBUG o.s.security.web.FilterChainProxy - Securing POST /api/v1/auth/register/co
2026-04-29 22:03:25 [http-nio-8080-exec-4] DEBUG o.s.security.web.FilterChainProxy - Secured POST /api/v1/auth/register/co
2026-04-29 22:03:25 [http-nio-8080-exec-4] DEBUG o.s.web.servlet.DispatcherServlet - POST "/api/v1/auth/register/co", parameters={}
2026-04-29 22:03:25 [http-nio-8080-exec-4] DEBUG o.s.w.s.m.m.a.RequestMappingHandlerMapping - Mapped to com.tss.aml.controller.AuthController#registerComplianceOfficer(ComplianceOfficerRegisterRequestDto)
2026-04-29 22:03:25 [http-nio-8080-exec-4] DEBUG o.s.w.s.m.m.a.RequestResponseBodyMethodProcessor - Read "application/json;charset=UTF-8" to [ComplianceOfficerRegisterRequestDto(email=darshitcoc123@gmail.com)]
2026-04-29 22:03:25 [http-nio-8080-exec-4] DEBUG o.s.s.a.m.AuthorizationManagerBeforeMethodInterceptor - Authorizing method invocation ReflectiveMethodInvocation: public org.springframework.http.ResponseEntity com.tss.aml.controller.AuthController.registerComplianceOfficer(com.tss.aml.dto.request.ComplianceOfficerRegisterRequestDto); target is of class [com.tss.aml.controller.AuthController]
2026-04-29 22:03:25 [http-nio-8080-exec-4] DEBUG o.s.s.a.m.AuthorizationManagerBeforeMethodInterceptor - Authorized method invocation ReflectiveMethodInvocation: public org.springframework.http.ResponseEntity com.tss.aml.controller.AuthController.registerComplianceOfficer(com.tss.aml.dto.request.ComplianceOfficerRegisterRequestDto); target is of class [com.tss.aml.controller.AuthController]
2026-04-29 22:03:25 [http-nio-8080-exec-4] INFO  c.t.a.s.ComplianceOfficerRegistrationService - Starting ComplianceOfficer registration | email=darshitcoc123@gmail.com
2026-04-29 22:03:25 [http-nio-8080-exec-4] INFO  c.t.a.s.ComplianceOfficerRegistrationService - ComplianceOfficer saved successfully | email=darshitcoc123@gmail.com
2026-04-29 22:03:25 [http-nio-8080-exec-4] DEBUG o.s.w.s.m.m.a.HttpEntityMethodProcessor - Using 'text/plain', given [*/*] and supported [text/plain, */*, application/json, application/*+json]
2026-04-29 22:03:25 [http-nio-8080-exec-4] DEBUG o.s.w.s.m.m.a.HttpEntityMethodProcessor - Writing ["Compliance Officer Registered Successfully"]
2026-04-29 22:03:25 [http-nio-8080-exec-4] DEBUG o.s.web.servlet.DispatcherServlet - Completed 200 OK
2026-04-29 22:03:31 [task-1] INFO  c.t.a.s.EmailNotificationService - Email sent successfully | to=darshitcoc123@gmail.com | type=CO_REGISTERED
2026-04-29 22:12:29 [HikariPool-1:housekeeper] WARN  com.zaxxer.hikari.pool.HikariPool - HikariPool-1 - Thread starvation or clock leap detected (housekeeper delta=1m19s811ms).
